cmb10		CMB10		<cmb10.pfb
cmbsy10		CMBSY10		<cmbsy10.pfb
cmbsy5		CMBSY5		<cmbsy5.pfb
cmbsy7		CMBSY7		<cmbsy7.pfb
cmbx10		CMBX10		<cmbx10.pfb
cmbx12		CMBX12		<cmbx12.pfb
cmbx5		CMBX5		<cmbx5.pfb
cmbx6		CMBX6		<cmbx6.pfb
cmbx7		CMBX7		<cmbx7.pfb
cmbx8		CMBX8		<cmbx8.pfb
cmbx9		CMBX9		<cmbx9.pfb
cmbxsl10	CMBXSL10	<cmbxsl10.pfb
cmbxti10	CMBXTI10	<cmbxti10.pfb
cmcsc10		CMCSC10		<cmcsc10.pfb
cmdunh10	CMDUNH10	<cmdunh10.pfb
cmex10		CMEX10		<cmex10.pfb
cmff10		CMFF10		<cmff10.pfb
cmfi10		CMFI10		<cmfi10.pfb
cmfib8		CMFIB8		<cmfib8.pfb
cminch		CMINCH		<cminch.pfb
cmitt10		CMITT10		<cmitt10.pfb
cmmi10		CMMI10		<cmmi10.pfb
cmmi12		CMMI12		<cmmi12.pfb
cmmi5		CMMI5		<cmmi5.pfb
cmmi6		CMMI6		<cmmi6.pfb
cmmi7		CMMI7		<cmmi7.pfb
cmmi8		CMMI8		<cmmi8.pfb
cmmi9		CMMI9		<cmmi9.pfb
cmmib10		CMMIB10		<cmmib10.pfb
cmmib5		CMMIB5		<cmmib5.pfb
cmmib7		CMMIB7		<cmmib7.pfb
cmr10		CMR10		<cmr10.pfb
cmr12		CMR12		<cmr12.pfb
cmr17		CMR17		<cmr17.pfb
cmr5		CMR5		<cmr5.pfb
cmr6		CMR6		<cmr6.pfb
cmr7		CMR7		<cmr7.pfb
cmr8		CMR8		<cmr8.pfb
cmr9		CMR9		<cmr9.pfb
cmsl10		CMSL10		<cmsl10.pfb
cmsl12		CMSL12		<cmsl12.pfb
cmsl8		CMSL8		<cmsl8.pfb
cmsl9		CMSL9		<cmsl9.pfb
cmsltt10	CMSLTT10	<cmsltt10.pfb
cmss10		CMSS10		<cmss10.pfb
cmss12		CMSS12		<cmss12.pfb
cmss17		CMSS17		<cmss17.pfb
cmss8		CMSS8		<cmss8.pfb
cmss9		CMSS9		<cmss9.pfb
cmssbx10	CMSSBX10	<cmssbx10.pfb
cmssdc10	CMSSDC10	<cmssdc10.pfb
cmssi10		CMSSI10		<cmssi10.pfb
cmssi12		CMSSI12		<cmssi12.pfb
cmssi17		CMSSI17		<cmssi17.pfb
cmssi8		CMSSI8		<cmssi8.pfb
cmssi9		CMSSI9		<cmssi9.pfb
cmssq8		CMSSQ8		<cmssq8.pfb
cmssqi8		CMSSQI8		<cmssqi8.pfb
cmsy10		CMSY10		<cmsy10.pfb
cmsy5		CMSY5		<cmsy5.pfb
cmsy6		CMSY6		<cmsy6.pfb
cmsy7		CMSY7		<cmsy7.pfb
cmsy8		CMSY8		<cmsy8.pfb
cmsy9		CMSY9		<cmsy9.pfb
cmtcsc10	CMTCSC10	<cmtcsc10.pfb
cmtex10		CMTEX10		<cmtex10.pfb
cmtex8		CMTEX8		<cmtex8.pfb
cmtex9		CMTEX9		<cmtex9.pfb
cmti10		CMTI10		<cmti10.pfb
cmti12		CMTI12		<cmti12.pfb
cmti7		CMTI7		<cmti7.pfb
cmti8		CMTI8		<cmti8.pfb
cmti9		CMTI9		<cmti9.pfb
cmtt10		CMTT10		<cmtt10.pfb
cmtt12		CMTT12		<cmtt12.pfb
cmtt8		CMTT8		<cmtt8.pfb
cmtt9		CMTT9		<cmtt9.pfb
cmu10		CMU10		<cmu10.pfb
cmvtt10		CMVTT10		<cmvtt10.pfb
euex10		EUEX10		<euex10.pfb
eufb10		EUFB10		<eufb10.pfb
eufb5		EUFB5		<eufb5.pfb
eufb7		EUFB7		<eufb7.pfb
eufm10		EUFM10		<eufm10.pfb
eufm5		EUFM5		<eufm5.pfb
eufm7		EUFM7		<eufm7.pfb
eurb10		EURB10		<eurb10.pfb
eurb5		EURB5		<eurb5.pfb
eurb7		EURB7		<eurb7.pfb
eurm10		EURM10		<eurm10.pfb
eurm5		EURM5		<eurm5.pfb
eurm7		EURM7		<eurm7.pfb
eusb10		EUSB10		<eusb10.pfb
eusb5		EUSB5		<eusb5.pfb
eusb7		EUSB7		<eusb7.pfb
eusm10		EUSM10		<eusm10.pfb
eusm5		EUSM5		<eusm5.pfb
eusm7		EUSM7		<eusm7.pfb
lasy10		LASY10		<lasy10.pfb
lasy5		LASY5		<lasy5.pfb
lasy6		LASY6		<lasy6.pfb
lasy7		LASY7		<lasy7.pfb
lasy8		LASY8		<lasy8.pfb
lasy9		LASY9		<lasy9.pfb
lasyb10		LASYB10		<lasyb10.pfb
lcircle10	LCIRCLE10	<lcircle10.pfb
lcirclew10	LCIRCLEW10	<lcirclew10.pfb
lcmss8		LCMSS8		<lcmss8.pfb
lcmssb8		LCMSSB8		<lcmssb8.pfb
lcmssi8		LCMSSI8		<lcmssi8.pfb
line10		LINE10		<line10.pfb
linew10		LINEW10		<linew10.pfb
msam10		MSAM10		<msam10.pfb
msam5		MSAM5		<msam5.pfb
msam7		MSAM7		<msam7.pfb
msbm10		MSBM10		<msbm10.pfb
msbm5		MSBM5		<msbm5.pfb
msbm7		MSBM7		<msbm7.pfb
wncyb10		WNCYB10		<wncyb10.pfb
wncyi10		WNCYI10		<wncyi10.pfb
wncyr10		WNCYR10		<wncyr10.pfb
wncysc10	WNCYSC10	<wncysc10.pfb
wncyss10	WNCYSS10	<wncyss10.pfb
%
% tt2001
%
cmbsy6 TeX-cmbsy6 <tedbsy6.pfb
cmbsy8 TeX-cmbsy8 <tedbsy8.pfb
cmbsy9 TeX-cmbsy9 <tedbsy9.pfb
cmex7 TeX-cmex7 <tedex7.pfb
cmex8 TeX-cmex8 <tedex8.pfb
cmex9 TeX-cmex9 <tedex9.pfb
cmmib6 TeX-cmmib6 <tedmib6.pfb
cmmib8 TeX-cmmib8 <tedmib8.pfb
cmmib9 TeX-cmmib9 <tedmib9.pfb
msam6 TeX-msam6 <tesam6.pfb
msam8 TeX-msam8 <tesam8.pfb
msam9 TeX-msam9 <tesam9.pfb
msbm6 TeX-msbm6 <tesbm6.pfb
msbm8 TeX-msbm8 <tesbm8.pfb
msbm9 TeX-msbm9 <tesbm9.pfb
euex7 TeX-euex7 <teuex7.pfb
euex8 TeX-euex8 <teuex8.pfb
euex9 TeX-euex9 <teuex9.pfb
eufb6 TeX-eufb6 <teufb6.pfb
eufb8 TeX-eufb8 <teufb8.pfb
eufb9 TeX-eufb9 <teufb9.pfb
eufm6 TeX-eufm6 <teufm6.pfb
eufm8 TeX-eufm8 <teufm8.pfb
eufm9 TeX-eufm9 <teufm9.pfb
eurb6 TeX-eurb6 <teurb6.pfb
eurb8 TeX-eurb8 <teurb8.pfb
eurb9 TeX-eurb9 <teurb9.pfb
eurm6 TeX-eurm6 <teurm6.pfb
eurm8 TeX-eurm8 <teurm8.pfb
eurm9 TeX-eurm9 <teurm9.pfb
eusb6 TeX-eusb6 <teusb6.pfb
eusb8 TeX-eusb8 <teusb8.pfb
eusb9 TeX-eusb9 <teusb9.pfb
eusm6 TeX-eusm6 <teusm6.pfb
eusm8 TeX-eusm8 <teusm8.pfb
eusm9 TeX-eusm9 <teusm9.pfb
%
% BaKoMa
%
%cmbsy6  cmbsy6  "TeXMathSymbolsEncoding ReEncodeFont" <cmbsy6.pfb <cmsy.enc
%cmbsy8  cmbsy8  "TeXMathSymbolsEncoding ReEncodeFont" <cmbsy8.pfb <cmsy.enc
%cmbsy9  cmbsy9  "TeXMathSymbolsEncoding ReEncodeFont" <cmbsy9.pfb <cmsy.enc
%cmex7   cmex7   "TeXMathExtensionEncoding ReEncodeFont" <cmex7.pfb <cmex.enc
%cmex8   cmex8   "TeXMathExtensionEncoding ReEncodeFont" <cmex8.pfb <cmex.enc
%cmex9   cmex9   "TeXMathExtensionEncoding ReEncodeFont" <cmex9.pfb <cmex.enc
%cmmib6  cmmib6  "TeXMathItalicEncoding ReEncodeFont" <cmmib6.pfb <cmmi.enc
%cmmib8  cmmib8  "TeXMathItalicEncoding ReEncodeFont" <cmmib8.pfb <cmmi.enc
%cmmib9  cmmib9  "TeXMathItalicEncoding ReEncodeFont" <cmmib9.pfb <cmmi.enc
%euex7   euex7   "Bakoma_euex_Encoding ReEncodeFont" <euex7.pfb <euex.enc
%euex8   euex8   "Bakoma_euex_Encoding ReEncodeFont" <euex8.pfb <euex.enc
%euex9   euex9   "Bakoma_euex_Encoding ReEncodeFont" <euex9.pfb <euex.enc
%eufb6   eufb6   "Bakoma_euf_Encoding ReEncodeFont" <eufb6.pfb <euf.enc
%eufb8   eufb8   "Bakoma_euf_Encoding ReEncodeFont" <eufb8.pfb <euf.enc
%eufb9   eufb9   "Bakoma_euf_Encoding ReEncodeFont" <eufb9.pfb <euf.enc
%eufm6   eufm6   "Bakoma_euf_Encoding ReEncodeFont" <eufm6.pfb <euf.enc
%eufm8   eufm8   "Bakoma_euf_Encoding ReEncodeFont" <eufm8.pfb <euf.enc
%eufm9   eufm9   "Bakoma_euf_Encoding ReEncodeFont" <eufm9.pfb <euf.enc
%eurb6   eurb6   "Bakoma_eur_Encoding ReEncodeFont" <eurb6.pfb <eur.enc
%eurb8   eurb8   "Bakoma_eur_Encoding ReEncodeFont" <eurb8.pfb <eur.enc
%eurb9   eurb9   "Bakoma_eur_Encoding ReEncodeFont" <eurb9.pfb <eur.enc
%eurm6   eurm6   "Bakoma_eur_Encoding ReEncodeFont" <eurm6.pfb <eur.enc
%eurm8   eurm8   "Bakoma_eur_Encoding ReEncodeFont" <eurm8.pfb <eur.enc
%eurm9   eurm9   "Bakoma_eur_Encoding ReEncodeFont" <eurm9.pfb <eur.enc
%eusb6   eusb6   "Bakoma_eus_Encoding ReEncodeFont" <eusb6.pfb <eus.enc
%eusb8   eusb8   "Bakoma_eus_Encoding ReEncodeFont" <eusb8.pfb <eus.enc
%eusb9   eusb9   "Bakoma_eus_Encoding ReEncodeFont" <eusb9.pfb <eus.enc
%eusm6   eusm6   "Bakoma_eus_Encoding ReEncodeFont" <eusm6.pfb <eus.enc
%eusm8   eusm8   "Bakoma_eus_Encoding ReEncodeFont" <eusm8.pfb <eus.enc
%eusm9   eusm9   "Bakoma_eus_Encoding ReEncodeFont" <eusm9.pfb <eus.enc
%msam6   msam6   "TeXAMS1Encoding ReEncodeFont" <msam6.pfb <amssym1.enc
%msam8   msam8   "TeXAMS1Encoding ReEncodeFont" <msam8.pfb <amssym1.enc
%msam9   msam9   "TeXAMS1Encoding ReEncodeFont" <msam9.pfb <amssym1.enc
%msbm6   msbm6   "TeXAMS2Encoding ReEncodeFont" <msbm6.pfb <amssym2.enc
%msbm8   msbm8   "TeXAMS2Encoding ReEncodeFont" <msbm8.pfb <amssym2.enc
%msbm9   msbm9   "TeXAMS2Encoding ReEncodeFont" <msbm9.pfb <amssym2.enc
%
% BaKoMa (others)
%
%cmcb10  cmcb10  <cmcb10.pfb
%cmcbx10 cmcbx10 <cmcbx10.pfb
%cmcbx12 cmcbx12 <cmcbx12.pfb
%cmcbx5  cmcbx5  <cmcbx5.pfb
%cmcbx6  cmcbx6  <cmcbx6.pfb
%cmcbx7  cmcbx7  <cmcbx7.pfb
%cmcbx8  cmcbx8  <cmcbx8.pfb
%cmcbx9  cmcbx9  <cmcbx9.pfb
%cmcbxsl10 cmcbxsl10 <cmcbxsl10.pfb
%cmcbxti10 cmcbxti10 <cmcbxti10.pfb
%cmccsc10  cmccsc10  <cmccsc10.pfb
%cmccsc8 cmccsc8 <cmccsc8.pfb
%cmccsc9 cmccsc9 <cmccsc9.pfb
%cmcitt10 cmcitt10 <cmcitt10.pfb
%cmcsc8  cmcsc8  <cmcsc8.pfb
%cmcsc9  cmcsc9  <cmcsc9.pfb
%cmcsl10 cmcsl10 <cmcsl10.pfb
%cmcsl12 cmcsl12 <cmcsl12.pfb
%cmcsl8  cmcsl8  <cmcsl8.pfb
%cmcsl9  cmcsl9  <cmcsl9.pfb
%cmcsltt10 cmcsltt10 <cmcsltt10.pfb
%cmcss10 cmcss10 <cmcss10.pfb
%cmcss12 cmcss12 <cmcss12.pfb
%cmcss17 cmcss17 <cmcss17.pfb
%cmcss8  cmcss8  <cmcss8.pfb
%cmcss9  cmcss9  <cmcss9.pfb
%cmcssbx10 cmcssbx10 <cmcssbx10.pfb
%cmcssdc10 cmcssdc10 <cmcssdc10.pfb
%cmcssi10 cmcssi10 <cmcssi10.pfb
%cmcssi12 cmcssi12 <cmcssi12.pfb
%cmcssi17 cmcssi17 <cmcssi17.pfb
%cmcssi8 cmcssi8 <cmcssi8.pfb
%cmcssi9 cmcssi9 <cmcssi9.pfb
%cmcssq8 cmcssq8 <cmcssq8.pfb
%cmcssqi8 cmcssqi8 <cmcssqi8.pfb
%cmcti10 cmcti10 <cmcti10.pfb
%cmcti12 cmcti12 <cmcti12.pfb
%cmcti7  cmcti7  <cmcti7.pfb
%cmcti8  cmcti8  <cmcti8.pfb
%cmcti9  cmcti9  <cmcti9.pfb
%cmctt10 cmctt10 <cmctt10.pfb
%cmctt12 cmctt12 <cmctt12.pfb
%cmctt8  cmctt8  <cmctt8.pfb
%cmctt9  cmctt9  <cmctt9.pfb
%cmcu10  cmcu10  <cmcu10.pfb
%cmcyr10 cmcyr10 <cmcyr10.pfb
%cmcyr12 cmcyr12 <cmcyr12.pfb
%cmcyr17 cmcyr17 <cmcyr17.pfb
%cmcyr5  cmcyr5  <cmcyr5.pfb
%cmcyr6  cmcyr6  <cmcyr6.pfb
%cmcyr7  cmcyr7  <cmcyr7.pfb
%cmcyr8  cmcyr8  <cmcyr8.pfb
%cmcyr9  cmcyr9  <cmcyr9.pfb
