% ----------------------------------------------------------
% pspksupp.map      $TEXMFMAIN/dvips/ps2pk/pspksupp.map
%
% This file is used by mktexpk (Win32)
%                              (1999/11/08 A. Kakuto)
%                              (2000/12/20 A. Kakuto) : AspectRatio
% Lines with the first character % are skipped.
%
% Format:
% TeXname  PFBname        Slant  Extend   ENCodingName
%
% First 4 entries are necessary.  ENCodingName is optional.
% ----------------------------------------------------------
% If you need PK fonts with an aspect ratio (YDPI / XDPI) different
% from unity, uncomment the next line and write an actual value
% of the aspect ratio by the fixed point real format.
% ----------------------------------------------------------
%AspectRatio   0.5
% ----------------------------------------------------------
% Main table
%-----------
%
% old definition
%
psyr       SY______.PFB   0      1
rpsyr      SY______.PFB   0      1
psyro      SY______.PFB   .167   1
rpsyro     SY______.PFB   .167   1
pzdr       ZD______.PFB   0      1
rpzdr      ZD______.PFB   0      1
rpcrr      COM_____.PFB   0      1
rpcrro     COO_____.PFB   0      1
rpcrb      COB_____.PFB   0      1
rpcrbo     COBO____.PFB   0      1
rphvr      HV______.PFB   0      1
rphvro     HVO_____.PFB   0      1
rphvb      HVB_____.PFB   0      1
rphvbo     HVBO____.PFB   0      1
rphvrrn    HV______.PFB   0      .82
rphvron    HVO_____.PFB   0      .82
rphvbrn    HVB_____.PFB   0      .82
rphvbon    HVBO____.PFB   0      .82
rptmr      TIR_____.PFB   0      1
rptmri     TII_____.PFB   0      1
rptmro     TIR_____.PFB   .167   1
rptmb      TIB_____.PFB   0      1
rptmbi     TIBI____.PFB   0      1
rptmbo     TIB_____.PFB   .167   1
rptmrrn    TIR_____.PFB   0      .8
rptmrre    TIR_____.PFB   0      1.2
%
% psnfss (8r)
%
pcrbo8r    COBO____.PFB   0      1      8r.enc
pcrb8r     COB_____.PFB   0      1      8r.enc
pcrr8r     COM_____.PFB   0      1      8r.enc
pcrr8rn    COM_____.PFB   0      .82    8r.enc
pcrro8r    COO_____.PFB   0      1      8r.enc
phvbo8r    HVBO____.PFB   0      1      8r.enc
phvbo8rn   HVBO____.PFB   0      .82    8r.enc
phvbon8r   HVBO____.PFB   0      .82    8r.enc
phvb8r     HVB_____.PFB   0      1      8r.enc
phvb8rn    HVB_____.PFB   0      .82    8r.enc
phvbr8rn   HVB_____.PFB   0      .82    8r.enc
phvbrn8r   HVB_____.PFB   0      .82    8r.enc
phvro8r    HVO_____.PFB   0      1      8r.enc
phvro8rn   HVO_____.PFB   0      .82    8r.enc
phvron8r   HVO_____.PFB   0      .82    8r.enc
phvr8r     HV______.PFB   0      1      8r.enc
phvr8rn    HV______.PFB   0      .82    8r.enc
phvrrn8r   HV______.PFB   0      .82    8r.enc
phvrr8rn   HV______.PFB   0      .82    8r.enc
ptmbi8r    TIBI____.PFB   0      1      8r.enc
ptmb8r     TIB_____.PFB   0      1      8r.enc
ptmbo8r    TIB_____.PFB   .167   1      8r.enc
ptmri8r    TII_____.PFB   0      1      8r.enc
ptmr8r     TIR_____.PFB   0      1      8r.enc
ptmrr8re   TIR_____.PFB   0      1.2    8r.enc
ptmrre8r   TIR_____.PFB   0      1.2    8r.enc
ptmrr8rn   TIR_____.PFB   0      .82    8r.enc
ptmrrn8r   TIR_____.PFB   0      .8     8r.enc
ptmro8r    TIR_____.PFB   .167   1      8r.enc
pzcmi8r    uzcmi8a.pfb    0      1      8r.enc
%
% psnfss (others)
%
eurmo10    eurm10.pfb     .167   1
eurbo10    eurb10.pfb     .167   1
pagd8r     uagd8a.pfb     0      1      8r.enc
pagdo8r    uagdo8a.pfb    0      1      8r.enc 
pagk8r     uagk8a.pfb     0      1      8r.enc
pagko8r    uagko8a.pfb    0      1      8r.enc
pbkd8r     ubkd8a.pfb     0      1      8r.enc
pbkdi8r    ubkdi8a.pfb    0      1      8r.enc
pbkdo8r    ubkd8a.pfb     .167   1      8r.enc
pbkl8r     ubkl8a.pfb     0      1      8r.enc
pbkli8r    ubkli8a.pfb    0      1      8r.enc
pbklo8r    ubkl8a.pfb     .167   1      8r.enc
%
pncb8r     uncb8a.pfb     0      1      8r.enc
pncbi8r    uncbi8a.pfb    0      1      8r.enc
pncbo8r    uncb8a.pfb     .167   1      8r.enc
pncr8r     uncr8a.pfb     0      1      8r.enc
pncri8r    uncri8a.pfb    0      1      8r.enc
pncro8r    uncr8a.pfb     .167   1      8r.enc
pplb8r     uplb8a.pfb     0      1      8r.enc
pplbi8r    uplbi8a.pfb    0      1      8r.enc
pplbo8r    uplb8a.pfb     .167   1      8r.enc
pplr8r     uplr8a.pfb     0      1      8r.enc
pplri8r    uplri8a.pfb    0      1      8r.enc
pplro8r    uplr8a.pfb     .167   1      8r.enc
%
bchb8r     bchb8a.pfb     0      1      8r.enc
bchbi8r    bchbi8a.pfb    0      1      8r.enc
bchbo8r    bchb8a.pfb     .167   1      8r.enc
bchr8r     bchr8a.pfb     0      1      8r.enc
bchri8r    bchri8a.pfb    0      1      8r.enc
bchro8r    bchr8a.pfb     .167   1      8r.enc
%
putb8r     putb8a.pfb     0      1      8r.enc
putbi8r    putbi8a.pfb    0      1      8r.enc
putbo8r    putb8a.pfb     .167   1      8r.enc
putr8r     putr8a.pfb     0      1      8r.enc
putri8r    putri8a.pfb    0      1      8r.enc
putro8r    putr8a.pfb     .167   1      8r.enc
%
% txfonts
%
rtxptmb    TIB_____.PFB   0      1      tx8r.enc
rtxptmbo   TIB_____.PFB   .167   1      tx8r.enc
rtxptmbi   TIBI____.PFB   0      1      tx8r.enc
rtxptmr    TIR_____.PFB   0      1      tx8r.enc
rtxptmro   TIR_____.PFB   .167   1      tx8r.enc
rtxptmri   TII_____.PFB   0      1      tx8r.enc
rtxphvr    HV______.PFB   0      1      tx8r.enc
rtxphvro   HVO_____.PFB   0      1      tx8r.enc
rtxphvb    HVB_____.PFB   0      1      tx8r.enc
rtxphvbo   HVBO____.PFB   0      1      tx8r.enc
%
% lucidaso (lucida in star office)
%
hlsr6w     hlsr6w.pfb     0      1
hlsr80     hlsr80.pfb     0      1
hlsr81     hlsr81.pfb     0      1
hlsro6w    hlsro6w.pfb    0      1
hlsro80    hlsro80.pfb    0      1
hlsro81    hlsro81.pfb    0      1
hlsd6w     hlsd6w.pfb     0      1
hlsd80     hlsd80.pfb     0      1
hlsd81     hlsd81.pfb     0      1
hlsdo6w    hlsdo6w.pfb    0      1
hlsdo80    hlsdo80.pfb    0      1
hlsdo81    hlsdo81.pfb    0      1
hlcrt6w    hlcrt6w.pfb    0      1
hlcrt80    hlcrt80.pfb    0      1
hlcrt81    hlcrt81.pfb    0      1
hlcrot6w   hlcrot6w.pfb   0      1
hlcrot80   hlcrot80.pfb   0      1
hlcrot81   hlcrot81.pfb   0      1
hlcbt6w    hlcbt6w.pfb    0      1
hlcbt80    hlcbt80.pfb    0      1
hlcbt81    hlcbt81.pfb    0      1
hlcbot6w   hlcbot6w.pfb   0      1
hlcbot80   hlcbot80.pfb   0      1
hlcbot81   hlcbot81.pfb   0      1
hlhr80     hlhr80.pfb     0      1
hlhr81     hlhr81.pfb     0      1
hlhro80    hlhr80.pfb     0.194  1
hlhro81    hlhr81.pfb     0.194  1
hlhri80    hlhri80.pfb    0      1
hlhri81    hlhri81.pfb    0      1
hlhru80    hlhri80.pfb    -0.194 1
hlhru81    hlhri81.pfb    -0.194 1
hlhd80     hlhd80.pfb     0      1
hlhd81     hlhd81.pfb     0      1
hlhdo80    hlhd80.pfb     0.194  1
hlhdo81    hlhd81.pfb     0.194  1
hlhdi80    hlhdi80.pfb    0      1
hlhdi81    hlhdi81.pfb    0      1
hlhdu80    hlhdi80.pfb    -0.194 1
hlhdu81    hlhdi81.pfb    -0.194 1
%
% txfonts
%
rtxr       rtxr.pfb       0      1
rtxsl      rtxr.pfb       0.167  1
rtxi       rtxi.pfb       0      1
rtxsc      rtxsc.pfb      0      1
rtxb       rtxb.pfb       0      1
rtxbsl     rtxb.pfb       0.167  1
rtxbi      rtxbi.pfb      0      1
rtxbsc     rtxbsc.pfb     0      1
rtcxb      rtcxb.pfb      0      1
rtcxbsl    rtcxb.pfb      0.167  1
rtcxbi     rtcxbi.pfb     0      1
rtcxi      rtcxi.pfb      0      1
rtcxr      rtcxr.pfb      0      1
rtcxsl     rtcxr.pfb      0.167  1
% TX Math
rtxbmi     rtxbmi.pfb     0      1
rtxmi      rtxmi.pfb      0      1
txbex      txbex.pfb      0      1
txbexa     txbexa.pfb     0      1
txbmia     txbmia.pfb     0      1
txbsy      txbsy.pfb      0      1
txbsya     txbsya.pfb     0      1
txbsyb     txbsyb.pfb     0      1
txbsyc     txbsyc.pfb     0      1
txex       txex.pfb       0      1
txexa      txexa.pfb      0      1
txmia      txmia.pfb      0      1
txsy       txsy.pfb       0      1
txsya      txsya.pfb      0      1
txsyb      txsyb.pfb      0      1
txsyc      txsyc.pfb      0      1
% TX TT Text
txtt       txtt.pfb       0      1
txttsl     txtt.pfb       0.167  1
txttsc     txttsc.pfb     0      1
txbtt      txbtt.pfb      0      1
txbttsl    txbtt.pfb      0.167  1
txbttsc    txbttsc.pfb    0      1
t1xtt      t1xtt.pfb      0      1
t1xttsl    t1xtt.pfb      0.167  1
t1xttsc    t1xttsc.pfb    0      1
t1xbtt     t1xbtt.pfb     0      1
t1xbttsl   t1xbtt.pfb     0.167  1
t1xbttsc   t1xbttsc.pfb   0      1
tcxtt      tcxtt.pfb      0      1
tcxttsl    tcxtt.pfb      0.167  1
tcxbtt     tcxbtt.pfb     0      1
tcxbttsl   tcxbtt.pfb     0.167  1
% TX SS Text
rtxss      rtxss.pfb      0      1
rtxsssl    rtxss.pfb      0.167  1
rtxsssc    rtxsssc.pfb    0      1
rtxbss     rtxbss.pfb     0      1
rtxbsssl   rtxbss.pfb     0.167  1
rtxbsssc   rtxbsssc.pfb   0      1
rtcxss     rtcxss.pfb     0      1
rtcxbss    rtcxbss.pfb    0      1
rtcxsssl   rtcxss.pfb     0.167  1
rtcxbsso   rtcxbss.pfb    0.167  1
%
% PX fonts
%
% URW URWPalladioL
rpxpplb    uplb8a.pfb     0      1      tx8r.enc
rpxpplbo   uplb8a.pfb     0.167  1      tx8r.enc
rpxpplbi   uplbi8a.pfb    0      1      tx8r.enc
rpxpplr    uplr8a.pfb     0      1      tx8r.enc
rpxpplro   uplr8a.pfb     0.167  1      tx8r.enc
rpxpplri   uplri8a.pfb    0      1      tx8r.enc
% PX Text
rpxr       rpxr.pfb       0      1
rpxsl      rpxr.pfb       0.167  1
rpxi       rpxi.pfb       0      1
rpxsc      rpxsc.pfb      0      1
rpxb       rpxb.pfb       0      1
rpxbsl     rpxb.pfb       0.167  1
rpxbi      rpxbi.pfb      0      1
rpxbsc     rpxbsc.pfb     0      1
rpcxb      rpcxb.pfb      0      1
rpcxbsl    rpcxb.pfb      0.167  1
rpcxbi     rpcxbi.pfb     0      1
rpcxi      rpcxi.pfb      0      1
rpcxr      rpcxr.pfb      0      1
rpcxsl     rpcxr.pfb      0.167  1
% PX Math
rpxbmi     rpxbmi.pfb     0      1
rpxmi      rpxmi.pfb      0      1
pxbex      pxbex.pfb      0      1
pxbexa     pxbexa.pfb     0      1
pxbmia     pxbmia.pfb     0      1
pxbsy      pxbsy.pfb      0      1
pxbsya     pxbsya.pfb     0      1
pxbsyb     pxbsyb.pfb     0      1
pxbsyc     pxbsyc.pfb     0      1
pxex       pxex.pfb       0      1
pxexa      pxexa.pfb      0      1
pxmia      pxmia.pfb      0      1
pxsy       pxsy.pfb       0      1
pxsya      pxsya.pfb      0      1
pxsyb      pxsyb.pfb      0      1
pxsyc      pxsyc.pfb      0      1
%
% mathpazo
%
fplmr      fplmr.pfb      0      1
fplmri     fplmri.pfb     0      1
fplmb      fplmb.pfb      0      1
fplmbi     fplmbi.pfb     0      1
fplmbb     fplmbb.pfb     0      1
%
% euro
%
pe8r       _2______.pfb   0      1
pe8b       _2b_____.pfb   0      1
pe8ri      _2i_____.pfb   0      1
pe8bi      _2bi____.pfb   0      1
pe7r       _1______.pfb   0      1
pe7b       _1b_____.pfb   0      1
pe7ri      _1i_____.pfb   0      1
pe8bi      _1bi____.pfb   0      1
pe9r       _3______.pfb   0      1
pe9b       _3b_____.pfb   0      1
pe9ri      _3i_____.pfb   0      1
pe9bi      _3bi____.pfb   0      1
%
% Omega fonts
%
omsea1     omsea1.pfb     0      1
omsea1b    omsea1b.pfb    0      1
omsea2     omsea2.pfb     0      1
omsea2b    omsea2b.pfb    0      1
omsea3     omsea3.pfb     0      1
omsea3b    omsea3b.pfb    0      1
omseco     omseco.pfb     0      1
omsecob    omsecob.pfb    0      1
omsecobi   omsecobi.pfb   0      1
omsecoi    omsecoi.pfb    0      1
omsecx     omsecx.pfb     0      1
omsecy     omsecy.pfb     0      1
omsegr     omsegr.pfb     0      1
omsegrb    omsegrb.pfb    0      1
omsegrbi   omsegrbi.pfb   0      1
omsegri    omsegri.pfb    0      1
omseha     omseha.pfb     0      1
omsehe     omsehe.pfb     0      1
omseip     omseip.pfb     0      1
omsela     omsela.pfb     0      1
omselab    omselab.pfb    0      1
omselabi   omselabi.pfb   0      1
omselai    omselai.pfb    0      1
omseti     omseti.pfb     0      1
omssti     omssti.pfb     0      1
%
% marvosym
%
fmvr8x     marvosym.pfb   0      1
%
% webomints
%
WebOMintsGD  WebOMintsGD.pfb  0     1
%
%  kerkis
%
k8r      Kerkis.pfb                 0      1 kerkis.enc
ki8r     Kerkis-Italic.pfb          0      1 kerkis.enc
ko8r     Kerkis.pfb                 0.167  1 kerkis.enc
ksc8r    Kerkis-SmallCaps.pfb       0      1 kerkis.enc
ksco8r   Kerkis-SmallCaps.pfb       0.167  1 kerkis.enc
kb8r     Kerkis-Bold.pfb            0      1 kerkis.enc
kbi8r    Kerkis-BoldItalic.pfb      0      1 kerkis.enc
kbo8r    Kerkis-Bold.pfb            0.167  1 kerkis.enc
kbsc8r   Kerkis-BoldSmallCaps.pfb   0      1 kerkis.enc
kbsco8r  Kerkis-BoldSmallCaps.pfb   0.167  1 kerkis.enc
kbui8r   Kerkis-BoldItalic.pfb      -0.168 1 kerkis.enc
ksb8r    Kerkis-SemiBold.pfb        0      1 kerkis.enc
ksbi8r   Kerkis-SemiBold-Italic.pfb 0      1 kerkis.enc
ksbo8r   Kerkis-SemiBold.pfb        0.167  1 kerkis.enc
ksbui8r  Kerkis-SemiBold-Italic.pfb -0.168 1 kerkis.enc
kui8r    Kerkis-Italic.pfb          -0.168 1 kerkis.enc
kcal8r   Kerkis-Calligraphic.pfb    0      1 kerkis.enc
kmath8r  Kerkis-Italic.pfb          0      1 kmath.enc
ek8r     Kerkis.pfb                 0      1 kerkisec.enc
eki8r    Kerkis-Italic.pfb          0      1 kerkisec.enc
eko8r    Kerkis.pfb                 0.167  1 kerkisec.enc
eksc8r   Kerkis-SmallCaps.pfb       0      1 kerkisecsc.enc
eksco8r  Kerkis-SmallCaps.pfb       0.167  1 kerkisecsc.enc
ekb8r    Kerkis-Bold.pfb            0      1 kerkisec.enc
ekbi8r   Kerkis-BoldItalic.pfb      0      1 kerkisec.enc
ekbo8r   Kerkis-Bold.pfb            0.167  1 kerkisec.enc
ekbsc8r  Kerkis-BoldSmallCaps.pfb   0      1 kerkisec.enc
ekbsco8r Kerkis-BoldSmallCaps.pfb   0.167  1 kerkisec.enc
ekbui8r  Kerkis-BoldItalic.pfb      -0.168 1 kerkisec.enc
eksb8r   Kerkis-SemiBold.pfb        0      1 kerkisec.enc
eksbi8r  Kerkis-SemiBold-Italic.pfb 0      1 kerkisec.enc
eksbo8r  Kerkis-SemiBold.pfb        0.167  1 kerkisec.enc
eksbui8r Kerkis-SemiBoldItalic.pfb  -0.168 1 kerkisec.enc
ekui8r   Kerkis-Italic.pfb          -0.168 1 kerkisec.enc
ekcal8r  Kerkis-Calligraphic.pfb    0      1 kerkisec.enc
gk7a     Kerkis.pfb                 0      1 gpkerkis.enc
gki7a    Kerkis-Italic.pfb          0      1 gpkerkis.enc
gko7a    Kerkis.pfb                 0.167  1 gpkerkis.enc
gksc7a   Kerkis-SmallCaps.pfb       0      1 gpkerkis.enc
gksco7a  Kerkis-SmallCaps.pfb       0.167  1 gpkerkis.enc
gkb7a    Kerkis-Bold.pfb            0      1 gpkerkis.enc
gkbi7a   Kerkis-BoldItalic.pfb      0      1 gpkerkis.enc
gkbo7a   Kerkis-Bold.pfb            0.167  1 gpkerkis.enc
gkbsc8r  Kerkis-BoldSmallCaps.pfb   0      1 gpkerkis.enc
gkbsco8r Kerkis-BoldSmallCaps.pfb   0.167  1 gpkerkis.enc
gkbui7a  Kerkis-BoldItalic.pfb      -0.168 1 gpkerkis.enc
gksb7a   Kerkis-SemiBold.pfb        0      1 gpkerkis.enc
gksbi7a  Kerkis-SemiBold-Italic.pfb 0      1 gpkerkis.enc
gksbo7a  Kerkis-SemiBold.pfb        0.167  1 gpkerkis.enc
gksbui7a Kerkis-SemiBold-Italic.pfb -0.168 1 gpkerkis.enc
gkui7a   Kerkis-Italic.pfb          -0.168 1 gpkerkis.enc
gkcal7a  Kerkis-Calligraphic.pfb    0      1 gpkerkis.enc
ktsy8r   ktsy.pfb                   0      1 kmsym.enc
ksf8a    KerkisSans.pfb             0      1 kerkis.enc
ksfi8a   KerkisSans-Italic.pfb      0      1 kerkis.enc
ksfsc8a  KerkisSans-SmallCaps.pfb   0      1 kerkis.enc
ksfb8a   KerkisSans-Bold.pfb        0      1 kerkis.enc
ksfbi8a  KerkisSans-BoldItalic.pfb  0      1 kerkis.enc
eksf8a   KerkisSans.pfb             0      1 kerkisec.enc
eksfi8a  KerkisSans-Italic.pfb      0      1 kerkisec.enc
eksfsc8a KerkisSans-SmallCaps.pfb   0      1 kerkisec.enc
eksfb8a  KerkisSans-Bold.pfb        0      1 kerkisec.enc
eksfbi8a KerkisSans-BoldItalic.pfb  0      1 kerkisec.enc
gksf7a   KerkisSans.pfb             0      1 gpkerkis.enc
gksfi7a  KerkisSans-Italic.pfb      0      1 gpkerkis.enc
gksfsc7a KerkisSans-SmallCaps.pfb   0      1 gpkerkis.enc
gksfb7a  KerkisSans-Bold.pfb        0      1 gpkerkis.enc
gksfbi7a KerkisSans-BoldItalic.pfb  0      1 gpkerkis.enc
%
% mathematica (4.x)
%
Math1      Math1.pfb       0     1
Math1-Bold Math1-Bold.pfb  0     1
Math2      Math2.pfb       0     1
Math2-Bold Math2-Bold.pfb  0     1
Math3      Math3.pfb       0     1
Math3-Bold Math3-Bold.pfb  0     1
Math4      Math4.pfb       0     1
Math4-Bold Math4-Bold.pfb  0     1
Math5      Math5.pfb       0     1
Math5-Bold Math5-Bold.pfb  0     1
Math1Mono  Math1Mono.pfb   0     1
Math1Mono-Bold Math1Mono-Bold.pfb 0 1
Math2Mono      Math2Mono.pfb      0 1
Math2Mono-Bold Math2Mono-Bold.pfb 0 1
Math3Mono      Math3Mono.pfb      0 1
Math3Mono-Bold Math3Mono-Bold.pfb 0 1
Math4Mono      Math4Mono.pfb      0 1
Math4Mono-Bold Math4Mono-Bold.pfb 0 1
Math5Mono      Math5Mono.pfb      0 1
Math5Mono-Bold Math5Mono-Bold.pfb 0 1
%
% LuxiMono
%
ul9r8r      ul9r8a.pfb      0     1    8r.enc
ul9b8r      ul9b8a.pfb      0     1    8r.enc
ul9ro8r     ul9ro8a.pfb     0     1    8r.enc
ul9bo8r     ul9bo8a.pfb     0     1    8r.enc
%
% efont
%
esfr8r     Efont_Serif.pfb       0    1  8r.enc
esfb8r     Efont_Serif_B.pfb     0    1  8r.enc
esfri8r    Efont_Serif_I.pfb     0    1  8r.enc
esfbi8r    Efont_Serif_BI.pfb    0    1  8r.enc
esfro8r    Efont_Serif.pfb       .167 1  8r.enc
esfbo8r	   Efont_Serif_B.pfb     .167 1  8r.enc
esfar8r    Efont_Serif_A.pfb     0    1  8r.enc
esfab8r    Efont_Serif_A_B.pfb   0    1  8r.enc
esfari8r   Efont_Serif_A_I.pfb   0    1  8r.enc
esfabi8r   Efont_Serif_A_BI.pfb  0    1  8r.enc
esfaro8r   Efont_Serif_A.pfb     .167 1  8r.enc
esfabo8r   Efont_Serif_A_B.pfb   .167 1  8r.enc
%
% urw names
%
uaqr8r  uaqrrc.pfb  0    1  8r.enc
uaqro8r uaqrrc.pfb  .167 1  8r.enc
ugqb8r  ugqb.pfb    0    1  8r.enc
ugqbo8r ugqb.pfb    .167 1  8r.enc
unmr8r  unmr.pfb    0    1  8r.enc
unmro8r unmr.pfb    .167 1  8r.enc
unmrs8r unmrs.pfb   0    1  8r.enc
unmros8r unmrs.pfb  .167 1  8r.enc
uagr8r  uagr8a.pfb  0    1  8r.enc
uagri8r uagri8a.pfb 0    1  8r.enc
uagk8r  uagk8a.pfb  0    1  8r.enc
uagko8r uagko8a.pfb 0    1  8r.enc
uagb8r  uagb8a.pfb  0    1  8r.enc
uagbi8r uagbi8a.pfb 0    1  8r.enc
uagd8r  uagd8a.pfb  0    1  8r.enc
uagdo8r uagdo8a.pfb 0    1  8r.enc
uagro8r uagr8a.pfb  .167 1  8r.enc
uagbo8r uagb8a.pfb  .167 1  8r.enc
ubkr8r  ubkr8a.pfb  0    1  8r.enc
ubkri8r ubkri8a.pfb 0    1  8r.enc
ubkb8r  ubkb8a.pfb  0    1  8r.enc
ubkbi8r ubkbi8a.pfb 0    1  8r.enc
ubkd8r  ubkd8a.pfb  0    1  8r.enc
ubkdi8r ubkdi8a.pfb 0    1  8r.enc
ubkl8r  ubkl8a.pfb  0    1  8r.enc
ubkli8r ubkli8a.pfb 0    1  8r.enc
ubkro8r ubkr8a.pfb  .167 1  8r.enc
ubkbo8r ubkb8a.pfb  .167 1  8r.enc
ubkdo8r ubkd8a.pfb  .167 1  8r.enc
ubklo8r ubkl8a.pfb  .167 1  8r.enc
ucrr8r  ucrr8a.pfb  0    1  8r.enc
ucrro8r ucrro8a.pfb 0    1  8r.enc
ucrb8r  ucrb8a.pfb  0    1  8r.enc
ucrbo8r ucrbo8a.pfb 0    1  8r.enc
ugqb8r  ugqb8a.pfb  0    1  8r.enc
ugqbo8r ugqb8a.pfb  .167 1  8r.enc
uhvr8r  uhvr8a.pfb  0    1  8r.enc
uhvro8r uhvro8a.pfb 0    1  8r.enc
uhvri8r uhvri8a.pfb 0    1  8r.enc
uhvr8rn uhvr8a.pfb  0    1  8r.enc
uhvro8rn uhvro8a.pfb 0   1  8r.enc
uhvri8rn uhvri8a.pfb 0   1  8r.enc
uhvb8r  uhvb8a.pfb  0    1  8r.enc
uhvbo8r uhvbo8a.pfb 0    1  8r.enc
uhvbi8r uhvbi8a.pfb 0    1  8r.enc
uhvb8rn uhvb8a.pfb  0    1  8r.enc
uhvbo8rn uhvbo8a.pfb 0   1  8r.enc
uhvro8rn uhvr8an.pfb  .167 1 8r.enc
uhvbo8rn uhvb8an.pfb  .167 1 8r.enc
uncr8r  uncr8a.pfb  0    1  8r.enc
uncri8r uncri8a.pfb 0    1  8r.enc
uncb8r  uncb8a.pfb  0    1  8r.enc
uncbi8r uncbi8a.pfb 0    1  8r.enc
uncro8r uncr8a.pfb  .167 1  8r.enc
uncbo8r uncb8a.pfb  .167 1  8r.enc
uplr8r  uplr8a.pfb  0    1  8r.enc
uplri8r uplri8a.pfb 0    1  8r.enc
uplb8r  uplb8a.pfb  0    1  8r.enc
uplbi8r uplbi8a.pfb 0    1  8r.enc
uplro8r uplr8a.pfb  .167 1  8r.enc
uplbo8r uplb8a.pfb  .167 1  8r.enc
usyr    usyr.pfb    0    1
utmr8r  utmr8a.pfb  0    1  8r.enc
utmri8r utmri8a.pfb 0    1  8r.enc
utmb8r  utmb8a.pfb  0    1  8r.enc
utmbi8r utmbi8a.pfb 0    1  8r.enc
utmro8r utmr8a.pfb  .167 1  8r.enc
utmbo8r utmb8a.pfb  .167 1  8r.enc
uzcmi8r uzcmi8a.pfb 0    1  8r.enc
uzdr    uzdr.pfb    0    1
%
% Here is Fourier-GUtenberg (math complement for Utopia)
%
fourier-orns        fourier-orns.pfb        0    1
fourier-alt         fourier-alt.pfb         0    1
fourier-alt-semi    fourier-alt-semi.pfb    0    1
fourier-alt-bold    fourier-alt-bold.pfb    0    1
fourier-alt-black   fourier-alt-black.pfb   0    1
fourier-alt-ita     fourier-alt-ita.pfb     0    1
fourier-alt-semiita fourier-alt-semiita.pfb 0    1
fourier-alt-boldita fourier-alt-boldita.pfb 0    1
fourier-alt-sl      fourier-alt.pfb         .167 1
fourier-alt-semi-sl fourier-alt-semi.pfb    .167 1
fourier-alt-bold-sl fourier-alt-bold.pfb    .167 1
fourier-bb          fourier-bb.pfb          0    1
fourier-mcl         fourier-mcl.pfb         0    1
fourier-mex         fourier-mex.pfb         0    1
fourier-ml          fourier-ml.pfb          0    1
fourier-mlit        fourier-mlit.pfb        0    1
fourier-mlb         fourier-mlb.pfb         0    1
fourier-mlitb       fourier-mlitb.pfb       0    1
fourier-ms          fourier-ms.pfb          0    1
%%%
futb8r              putb8a.pfb              0    1 8r.enc
futbi8r             putbi8a.pfb             0    1 8r.enc
futbo8r             putb8a.pfb              .167 1 8r.enc
futr8r              putr8a.pfb              0    1 8r.enc
futri8r             putri8a.pfb             0    1 8r.enc
futro8r             putr8a.pfb              .167 1 8r.enc
%
% swiss721BT
%
psbtr8r   Swiss721BT-Roman.pfb       0  1  8r.enc
psbti8r   Swiss721BT-Italic.pfb      0  1  8r.enc
psbtb8r   Swiss721BT-Bold.pfb        0  1  8r.enc
psbtbi8r  Swiss721BT-BoldItalic.pfb  0  1  8r.enc
%
% bluesky
%
cmb10		cmb10.pfb	0 1
cmbsy10		cmbsy10.pfb	0 1
cmbsy5		cmbsy5.pfb	0 1
cmbsy7		cmbsy7.pfb	0 1
cmbx10		cmbx10.pfb	0 1
cmbx12		cmbx12.pfb	0 1
cmbx5		cmbx5.pfb	0 1
cmbx6		cmbx6.pfb	0 1
cmbx7		cmbx7.pfb	0 1
cmbx8		cmbx8.pfb	0 1
cmbx9		cmbx9.pfb	0 1
cmbxsl10	cmbxsl10.pfb	0 1
cmbxti10	cmbxti10.pfb	0 1
cmcsc10		cmcsc10.pfb	0 1
cmdunh10	cmdunh10.pfb	0 1
cmex10		cmex10.pfb	0 1
cmff10		cmff10.pfb	0 1
cmfi10		cmfi10.pfb	0 1
cmfib8		cmfib8.pfb	0 1
cminch		cminch.pfb	0 1
cmitt10		cmitt10.pfb	0 1
cmmi10		cmmi10.pfb	0 1
cmmi12		cmmi12.pfb	0 1
cmmi5		cmmi5.pfb	0 1
cmmi6		cmmi6.pfb	0 1
cmmi7		cmmi7.pfb	0 1
cmmi8		cmmi8.pfb	0 1
cmmi9		cmmi9.pfb	0 1
cmmib10		cmmib10.pfb	0 1
cmmib5		cmmib5.pfb	0 1
cmmib7		cmmib7.pfb	0 1
cmr10		cmr10.pfb	0 1
cmr12		cmr12.pfb	0 1
cmr17		cmr17.pfb	0 1
cmr5		cmr5.pfb	0 1
cmr6		cmr6.pfb	0 1
cmr7		cmr7.pfb	0 1
cmr8		cmr8.pfb	0 1
cmr9		cmr9.pfb	0 1
cmsl10		cmsl10.pfb	0 1
cmsl12		cmsl12.pfb	0 1
cmsl8		cmsl8.pfb	0 1
cmsl9		cmsl9.pfb	0 1
cmsltt10	cmsltt10.pfb	0 1
cmss10		cmss10.pfb	0 1
cmss12		cmss12.pfb	0 1
cmss17		cmss17.pfb	0 1
cmss8		cmss8.pfb	0 1
cmss9		cmss9.pfb	0 1
cmssbx10	cmssbx10.pfb	0 1
cmssdc10	cmssdc10.pfb	0 1
cmssi10		cmssi10.pfb	0 1
cmssi12		cmssi12.pfb	0 1
cmssi17		cmssi17.pfb	0 1
cmssi8		cmssi8.pfb	0 1
cmssi9		cmssi9.pfb	0 1
cmssq8		cmssq8.pfb	0 1
cmssqi8		cmssqi8.pfb	0 1
cmsy10		cmsy10.pfb	0 1
cmsy5		cmsy5.pfb	0 1
cmsy6		cmsy6.pfb	0 1
cmsy7		cmsy7.pfb	0 1
cmsy8		cmsy8.pfb	0 1
cmsy9		cmsy9.pfb	0 1
cmtcsc10	cmtcsc10.pfb	0 1
cmtex10		cmtex10.pfb	0 1
cmtex8		cmtex8.pfb	0 1
cmtex9		cmtex9.pfb	0 1
cmti10		cmti10.pfb	0 1
cmti12		cmti12.pfb	0 1
cmti7		cmti7.pfb	0 1
cmti8		cmti8.pfb	0 1
cmti9		cmti9.pfb	0 1
cmtt10		cmtt10.pfb	0 1
cmtt12		cmtt12.pfb	0 1
cmtt8		cmtt8.pfb	0 1
cmtt9		cmtt9.pfb	0 1
cmu10		cmu10.pfb	0 1
cmvtt10		cmvtt10.pfb	0 1
euex10		euex10.pfb	0 1
eufb10		eufb10.pfb	0 1
eufb5		eufb5.pfb	0 1
eufb7		eufb7.pfb	0 1
eufm10		eufm10.pfb	0 1
eufm5		eufm5.pfb	0 1
eufm7		eufm7.pfb	0 1
eurb10		eurb10.pfb	0 1
eurb5		eurb5.pfb	0 1
eurb7		eurb7.pfb	0 1
eurm10		eurm10.pfb	0 1
eurm5		eurm5.pfb	0 1
eurm7		eurm7.pfb	0 1
eusb10		eusb10.pfb	0 1
eusb5		eusb5.pfb	0 1
eusb7		eusb7.pfb	0 1
eusm10		eusm10.pfb	0 1
eusm5		eusm5.pfb	0 1
eusm7		eusm7.pfb	0 1
lasy10		lasy10.pfb	0 1
lasy5		lasy5.pfb	0 1
lasy6		lasy6.pfb	0 1
lasy7		lasy7.pfb	0 1
lasy8		lasy8.pfb	0 1
lasy9		lasy9.pfb	0 1
lasyb10		lasyb10.pfb	0 1
lcircle10	lcircle10.pfb	0 1
lcirclew10	lcirclew10.pfb	0 1
lcmss8		lcmss8.pfb	0 1
lcmssb8		lcmssb8.pfb	0 1
lcmssi8		lcmssi8.pfb	0 1
line10		line10.pfb	0 1
linew10		linew10.pfb	0 1
msam10		msam10.pfb	0 1
msam5		msam5.pfb	0 1
msam7		msam7.pfb	0 1
msbm10		msbm10.pfb	0 1
msbm5		msbm5.pfb	0 1
msbm7		msbm7.pfb	0 1
wncyb10		wncyb10.pfb	0 1
wncyi10		wncyi10.pfb	0 1
wncyr10		wncyr10.pfb	0 1
wncysc10	wncysc10.pfb	0 1
wncyss10	wncyss10.pfb	0 1
% ----------------------------------------------------
% lines after here are automatically written by updmap
% ----------------------------------------------------
