%
msmin00  MS-Mincho-00  <msmin00.pfb
msmin01  MS-Mincho-01  <msmin01.pfb
msmin02  MS-Mincho-02  <msmin02.pfb
msmin03  MS-Mincho-03  <msmin03.pfb
msmin04  MS-Mincho-04  <msmin04.pfb
msmin1e  MS-Mincho-1e  <msmin1e.pfb
msmin20  MS-Mincho-20  <msmin20.pfb
msmin21  MS-Mincho-21  <msmin21.pfb
msmin22  MS-Mincho-22  <msmin22.pfb
msmin23  MS-Mincho-23  <msmin23.pfb
msmin24  MS-Mincho-24  <msmin24.pfb
msmin25  MS-Mincho-25  <msmin25.pfb
msmin26  MS-Mincho-26  <msmin26.pfb
msmin27  MS-Mincho-27  <msmin27.pfb
msmin30  MS-Mincho-30  <msmin30.pfb
msmin32  MS-Mincho-32  <msmin32.pfb
msmin33  MS-Mincho-33  <msmin33.pfb
msmin4e  MS-Mincho-4e  <msmin4e.pfb
msmin4f  MS-Mincho-4f  <msmin4f.pfb
msmin50  MS-Mincho-50  <msmin50.pfb
msmin51  MS-Mincho-51  <msmin51.pfb
msmin52  MS-Mincho-52  <msmin52.pfb
msmin53  MS-Mincho-53  <msmin53.pfb
msmin54  MS-Mincho-54  <msmin54.pfb
msmin55  MS-Mincho-55  <msmin55.pfb
msmin56  MS-Mincho-56  <msmin56.pfb
msmin57  MS-Mincho-57  <msmin57.pfb
msmin58  MS-Mincho-58  <msmin58.pfb
msmin59  MS-Mincho-59  <msmin59.pfb
msmin5a  MS-Mincho-5a  <msmin5a.pfb
msmin5b  MS-Mincho-5b  <msmin5b.pfb
msmin5c  MS-Mincho-5c  <msmin5c.pfb
msmin5d  MS-Mincho-5d  <msmin5d.pfb
msmin5e  MS-Mincho-5e  <msmin5e.pfb
msmin5f  MS-Mincho-5f  <msmin5f.pfb
msmin60  MS-Mincho-60  <msmin60.pfb
msmin61  MS-Mincho-61  <msmin61.pfb
msmin62  MS-Mincho-62  <msmin62.pfb
msmin63  MS-Mincho-63  <msmin63.pfb
msmin64  MS-Mincho-64  <msmin64.pfb
msmin65  MS-Mincho-65  <msmin65.pfb
msmin66  MS-Mincho-66  <msmin66.pfb
msmin67  MS-Mincho-67  <msmin67.pfb
msmin68  MS-Mincho-68  <msmin68.pfb
msmin69  MS-Mincho-69  <msmin69.pfb
msmin6a  MS-Mincho-6a  <msmin6a.pfb
msmin6b  MS-Mincho-6b  <msmin6b.pfb
msmin6c  MS-Mincho-6c  <msmin6c.pfb
msmin6d  MS-Mincho-6d  <msmin6d.pfb
msmin6e  MS-Mincho-6e  <msmin6e.pfb
msmin6f  MS-Mincho-6f  <msmin6f.pfb
msmin70  MS-Mincho-70  <msmin70.pfb
msmin71  MS-Mincho-71  <msmin71.pfb
msmin72  MS-Mincho-72  <msmin72.pfb
msmin73  MS-Mincho-73  <msmin73.pfb
msmin74  MS-Mincho-74  <msmin74.pfb
msmin75  MS-Mincho-75  <msmin75.pfb
msmin76  MS-Mincho-76  <msmin76.pfb
msmin77  MS-Mincho-77  <msmin77.pfb
msmin78  MS-Mincho-78  <msmin78.pfb
msmin79  MS-Mincho-79  <msmin79.pfb
msmin7a  MS-Mincho-7a  <msmin7a.pfb
msmin7b  MS-Mincho-7b  <msmin7b.pfb
msmin7c  MS-Mincho-7c  <msmin7c.pfb
msmin7d  MS-Mincho-7d  <msmin7d.pfb
msmin7e  MS-Mincho-7e  <msmin7e.pfb
msmin7f  MS-Mincho-7f  <msmin7f.pfb
msmin80  MS-Mincho-80  <msmin80.pfb
msmin81  MS-Mincho-81  <msmin81.pfb
msmin82  MS-Mincho-82  <msmin82.pfb
msmin83  MS-Mincho-83  <msmin83.pfb
msmin84  MS-Mincho-84  <msmin84.pfb
msmin85  MS-Mincho-85  <msmin85.pfb
msmin86  MS-Mincho-86  <msmin86.pfb
msmin87  MS-Mincho-87  <msmin87.pfb
msmin88  MS-Mincho-88  <msmin88.pfb
msmin89  MS-Mincho-89  <msmin89.pfb
msmin8a  MS-Mincho-8a  <msmin8a.pfb
msmin8b  MS-Mincho-8b  <msmin8b.pfb
msmin8c  MS-Mincho-8c  <msmin8c.pfb
msmin8d  MS-Mincho-8d  <msmin8d.pfb
msmin8e  MS-Mincho-8e  <msmin8e.pfb
msmin8f  MS-Mincho-8f  <msmin8f.pfb
msmin90  MS-Mincho-90  <msmin90.pfb
msmin91  MS-Mincho-91  <msmin91.pfb
msmin92  MS-Mincho-92  <msmin92.pfb
msmin93  MS-Mincho-93  <msmin93.pfb
msmin94  MS-Mincho-94  <msmin94.pfb
msmin95  MS-Mincho-95  <msmin95.pfb
msmin96  MS-Mincho-96  <msmin96.pfb
msmin97  MS-Mincho-97  <msmin97.pfb
msmin98  MS-Mincho-98  <msmin98.pfb
msmin99  MS-Mincho-99  <msmin99.pfb
msmin9a  MS-Mincho-9a  <msmin9a.pfb
msmin9b  MS-Mincho-9b  <msmin9b.pfb
msmin9c  MS-Mincho-9c  <msmin9c.pfb
msmin9d  MS-Mincho-9d  <msmin9d.pfb
msmin9e  MS-Mincho-9e  <msmin9e.pfb
msmin9f  MS-Mincho-9f  <msmin9f.pfb
msminf0  MS-Mincho-f0  <msminf0.pfb
msminf9  MS-Mincho-f9  <msminf9.pfb
msminfa  MS-Mincho-fa  <msminfa.pfb
msminfb  MS-Mincho-fb  <msminfb.pfb
msminff  MS-Mincho-ff  <msminff.pfb
%
msgoth00   MS-Gothic-00 <msgoth00.pfb
msgoth01   MS-Gothic-01 <msgoth01.pfb
msgoth02   MS-Gothic-02 <msgoth02.pfb
msgoth03   MS-Gothic-03 <msgoth03.pfb
msgoth04   MS-Gothic-04 <msgoth04.pfb
msgoth1e   MS-Gothic-1e <msgoth1e.pfb
msgoth20   MS-Gothic-20 <msgoth20.pfb
msgoth21   MS-Gothic-21 <msgoth21.pfb
msgoth22   MS-Gothic-22 <msgoth22.pfb
msgoth23   MS-Gothic-23 <msgoth23.pfb
msgoth24   MS-Gothic-24 <msgoth24.pfb
msgoth25   MS-Gothic-25 <msgoth25.pfb
msgoth26   MS-Gothic-26 <msgoth26.pfb
msgoth27   MS-Gothic-27 <msgoth27.pfb
msgoth30   MS-Gothic-30 <msgoth30.pfb
msgoth32   MS-Gothic-32 <msgoth32.pfb
msgoth33   MS-Gothic-33 <msgoth33.pfb
msgoth4e   MS-Gothic-4e <msgoth4e.pfb
msgoth4f   MS-Gothic-4f <msgoth4f.pfb
msgoth50   MS-Gothic-50 <msgoth50.pfb
msgoth51   MS-Gothic-51 <msgoth51.pfb
msgoth52   MS-Gothic-52 <msgoth52.pfb
msgoth53   MS-Gothic-53 <msgoth53.pfb
msgoth54   MS-Gothic-54 <msgoth54.pfb
msgoth55   MS-Gothic-55 <msgoth55.pfb
msgoth56   MS-Gothic-56 <msgoth56.pfb
msgoth57   MS-Gothic-57 <msgoth57.pfb
msgoth58   MS-Gothic-58 <msgoth58.pfb
msgoth59   MS-Gothic-59 <msgoth59.pfb
msgoth5a   MS-Gothic-5a <msgoth5a.pfb
msgoth5b   MS-Gothic-5b <msgoth5b.pfb
msgoth5c   MS-Gothic-5c <msgoth5c.pfb
msgoth5d   MS-Gothic-5d <msgoth5d.pfb
msgoth5e   MS-Gothic-5e <msgoth5e.pfb
msgoth5f   MS-Gothic-5f <msgoth5f.pfb
msgoth60   MS-Gothic-60 <msgoth60.pfb
msgoth61   MS-Gothic-61 <msgoth61.pfb
msgoth62   MS-Gothic-62 <msgoth62.pfb
msgoth63   MS-Gothic-63 <msgoth63.pfb
msgoth64   MS-Gothic-64 <msgoth64.pfb
msgoth65   MS-Gothic-65 <msgoth65.pfb
msgoth66   MS-Gothic-66 <msgoth66.pfb
msgoth67   MS-Gothic-67 <msgoth67.pfb
msgoth68   MS-Gothic-68 <msgoth68.pfb
msgoth69   MS-Gothic-69 <msgoth69.pfb
msgoth6a   MS-Gothic-6a <msgoth6a.pfb
msgoth6b   MS-Gothic-6b <msgoth6b.pfb
msgoth6c   MS-Gothic-6c <msgoth6c.pfb
msgoth6d   MS-Gothic-6d <msgoth6d.pfb
msgoth6e   MS-Gothic-6e <msgoth6e.pfb
msgoth6f   MS-Gothic-6f <msgoth6f.pfb
msgoth70   MS-Gothic-70 <msgoth70.pfb
msgoth71   MS-Gothic-71 <msgoth71.pfb
msgoth72   MS-Gothic-72 <msgoth72.pfb
msgoth73   MS-Gothic-73 <msgoth73.pfb
msgoth74   MS-Gothic-74 <msgoth74.pfb
msgoth75   MS-Gothic-75 <msgoth75.pfb
msgoth76   MS-Gothic-76 <msgoth76.pfb
msgoth77   MS-Gothic-77 <msgoth77.pfb
msgoth78   MS-Gothic-78 <msgoth78.pfb
msgoth79   MS-Gothic-79 <msgoth79.pfb
msgoth7a   MS-Gothic-7a <msgoth7a.pfb
msgoth7b   MS-Gothic-7b <msgoth7b.pfb
msgoth7c   MS-Gothic-7c <msgoth7c.pfb
msgoth7d   MS-Gothic-7d <msgoth7d.pfb
msgoth7e   MS-Gothic-7e <msgoth7e.pfb
msgoth7f   MS-Gothic-7f <msgoth7f.pfb
msgoth80   MS-Gothic-80 <msgoth80.pfb
msgoth81   MS-Gothic-81 <msgoth81.pfb
msgoth82   MS-Gothic-82 <msgoth82.pfb
msgoth83   MS-Gothic-83 <msgoth83.pfb
msgoth84   MS-Gothic-84 <msgoth84.pfb
msgoth85   MS-Gothic-85 <msgoth85.pfb
msgoth86   MS-Gothic-86 <msgoth86.pfb
msgoth87   MS-Gothic-87 <msgoth87.pfb
msgoth88   MS-Gothic-88 <msgoth88.pfb
msgoth89   MS-Gothic-89 <msgoth89.pfb
msgoth8a   MS-Gothic-8a <msgoth8a.pfb
msgoth8b   MS-Gothic-8b <msgoth8b.pfb
msgoth8c   MS-Gothic-8c <msgoth8c.pfb
msgoth8d   MS-Gothic-8d <msgoth8d.pfb
msgoth8e   MS-Gothic-8e <msgoth8e.pfb
msgoth8f   MS-Gothic-8f <msgoth8f.pfb
msgoth90   MS-Gothic-90 <msgoth90.pfb
msgoth91   MS-Gothic-91 <msgoth91.pfb
msgoth92   MS-Gothic-92 <msgoth92.pfb
msgoth93   MS-Gothic-93 <msgoth93.pfb
msgoth94   MS-Gothic-94 <msgoth94.pfb
msgoth95   MS-Gothic-95 <msgoth95.pfb
msgoth96   MS-Gothic-96 <msgoth96.pfb
msgoth97   MS-Gothic-97 <msgoth97.pfb
msgoth98   MS-Gothic-98 <msgoth98.pfb
msgoth99   MS-Gothic-99 <msgoth99.pfb
msgoth9a   MS-Gothic-9a <msgoth9a.pfb
msgoth9b   MS-Gothic-9b <msgoth9b.pfb
msgoth9c   MS-Gothic-9c <msgoth9c.pfb
msgoth9d   MS-Gothic-9d <msgoth9d.pfb
msgoth9e   MS-Gothic-9e <msgoth9e.pfb
msgoth9f   MS-Gothic-9f <msgoth9f.pfb
msgothf0   MS-Gothic-f0 <msgothf0.pfb
msgothf9   MS-Gothic-f9 <msgothf9.pfb
msgothfa   MS-Gothic-fa <msgothfa.pfb
msgothfb   MS-Gothic-fb <msgothfb.pfb
msgothff   MS-Gothic-ff <msgothff.pfb
