%
% monotype (for typesnewp, mathmnsx and mathmnsxx packages)
%
malb8r Arial-BoldMT "TeXBase1Encoding ReEncodeFont" <_ab_____.pfb <8r.enc
malbi8r Arial-BoldItalicMT "TeXBase1Encoding ReEncodeFont" <_abi____.pfb <8r.enc
malbo8r Arial-BoldMT ".167 SlantFont TeXBase1Encoding ReEncodeFont" <_ab_____.pfb <8r.enc
malr8r ArialMT "TeXBase1Encoding ReEncodeFont" <_a______.pfb <8r.enc
malri8r Arial-ItalicMT "TeXBase1Encoding ReEncodeFont" <_ai_____.pfb <8r.enc
malro8r ArialMT ".167 SlantFont TeXBase1Encoding ReEncodeFont" <_a______.pfb <8r.enc
mnsb8r TimesNewRomanPS-BoldMT "TeXBase1Encoding ReEncodeFont" <_eb_____.pfb <8r.enc
mnsbi8r TimesNewRomanPS-BoldItalicMT "TeXBase1Encoding ReEncodeFont" <_ebi____.pfb <8r.enc
mnsbo8r TimesNewRomanPS-BoldMT ".167 SlantFont TeXBase1Encoding ReEncodeFont" <_eb_____.pfb <8r.enc
mnsr8r TimesNewRomanPSMT "TeXBase1Encoding ReEncodeFont" <_er_____.pfb <8r.enc
mnsri8r TimesNewRomanPS-ItalicMT "TeXBase1Encoding ReEncodeFont" <_ei_____.pfb <8r.enc
mnsro8r TimesNewRomanPSMT ".167 SlantFont TeXBase1Encoding ReEncodeFont" <_er_____.pfb <8r.enc
